stm32f1xx_ll_rcc.h:754:22:LL_RCC_HSE_EnableBypass	4	static
stm32f1xx_ll_rcc.h:764:22:LL_RCC_HSE_DisableBypass	4	static
stm32f1xx_ll_rcc.h:774:22:LL_RCC_HSE_Enable	4	static
stm32f1xx_ll_rcc.h:794:26:LL_RCC_HSE_IsReady	4	static
stm32f1xx_ll_rcc.h:840:22:LL_RCC_HSI_Enable	4	static
stm32f1xx_ll_rcc.h:860:26:LL_RCC_HSI_IsReady	4	static
stm32f1xx_ll_rcc.h:1014:22:LL_RCC_SetSysClkSource	16	static
stm32f1xx_ll_rcc.h:1027:26:LL_RCC_GetSysClkSource	4	static
stm32f1xx_ll_rcc.h:1047:22:LL_RCC_SetAHBPrescaler	16	static
stm32f1xx_ll_rcc.h:1063:22:LL_RCC_SetAPB1Prescaler	16	static
stm32f1xx_ll_rcc.h:1079:22:LL_RCC_SetAPB2Prescaler	16	static
stm32f1xx_ll_rcc.h:1098:26:LL_RCC_GetAHBPrescaler	4	static
stm32f1xx_ll_rcc.h:1387:22:LL_RCC_PLL_Enable	4	static
stm32f1xx_ll_rcc.h:1408:26:LL_RCC_PLL_IsReady	4	static
stm32f1xx_ll_rcc.h:1477:22:LL_RCC_PLL_ConfigDomain_SYS	16	static
stm32f1xx_ll_utils.h:218:22:LL_InitTick	16	static
stm32f1xx_ll_system.h:470:22:LL_FLASH_SetLatency	16	static
stm32f1xx_ll_system.h:483:26:LL_FLASH_GetLatency	4	static
stm32f1xx_ll_utils.c:196:6:LL_Init1msTick	16	static
stm32f1xx_ll_utils.c:212:6:LL_mDelay	24	static
stm32f1xx_ll_utils.c:270:6:LL_SetSystemCoreClock	16	static
stm32f1xx_ll_utils.c:285:13:LL_SetFlashLatency	32	static
stm32f1xx_ll_utils.c:365:13:LL_PLL_ConfigSystemClock_HSI	24	static
stm32f1xx_ll_utils.c:430:13:LL_PLL_ConfigSystemClock_HSE	32	static
stm32f1xx_ll_utils.c:539:17:UTILS_GetPLLOutputFrequency	24	static
stm32f1xx_ll_utils.c:572:20:UTILS_PLL_HSE_ConfigSystemClock	32	static
stm32f1xx_ll_utils.c:641:20:UTILS_PLL_IsBusy	16	static
stm32f1xx_ll_utils.c:681:20:UTILS_EnablePLLAndSwitchSystem	32	static
