QAD_TimerMgr.hpp:132:23:static QAD_TimerMgr& QAD_TimerMgr::get()	8	static
QAD_TimerMgr.hpp:144:25:static QAD_Timer_State QAD_TimerMgr::getState(QAD_Timer_Periph)	16	static
QAD_TimerMgr.hpp:186:22:static TIM_TypeDef* QAD_TimerMgr::getInstance(QAD_Timer_Periph)	16	static
QAD_TimerMgr.hpp:193:19:static IRQn_Type QAD_TimerMgr::getUpdateIRQ(QAD_Timer_Periph)	16	static
QAD_TimerMgr.hpp:204:19:static QA_Result QAD_TimerMgr::registerTimer(QAD_Timer_Periph, QAD_Timer_State)	16	static
QAD_TimerMgr.hpp:210:14:static void QAD_TimerMgr::deregisterTimer(QAD_Timer_Periph)	16	static
QAD_TimerMgr.hpp:240:14:static void QAD_TimerMgr::enableClock(QAD_Timer_Periph)	16	static
QAD_TimerMgr.hpp:246:14:static void QAD_TimerMgr::disableClock(QAD_Timer_Periph)	16	static
QAD_Timer.cpp:35:11:QA_Result QAD_Timer::init()	24	static
QAD_Timer.cpp:60:6:void QAD_Timer::deinit()	16	static
QAD_Timer.cpp:82:6:void QAD_Timer::handler()	16	static
QAD_Timer.cpp:125:6:void QAD_Timer::setHandlerFunction(QAD_IRQHandler_CallbackFunction)	16	static
QAD_Timer.cpp:135:6:void QAD_Timer::setHandlerClass(QAD_IRQHandler_CallbackClass*)	16	static
QAD_Timer.cpp:145:6:void QAD_Timer::setTimerMode(QAD_TimerMode)	16	static
QAD_Timer.cpp:154:15:QAD_TimerMode QAD_Timer::getTimerMode()	16	static
QAD_Timer.cpp:164:6:void QAD_Timer::setIRQCounterTarget(uint16_t)	16	static
QAD_Timer.cpp:173:10:uint16_t QAD_Timer::getIRQCounterTarget()	16	static
QAD_Timer.cpp:182:10:uint16_t QAD_Timer::getIRQCounterValue()	16	static
QAD_Timer.cpp:191:6:void QAD_Timer::clearIRQCounterValue()	16	static
QAD_Timer.cpp:200:6:void QAD_Timer::start()	16	static
QAD_Timer.cpp:224:6:void QAD_Timer::stop()	16	static
QAD_Timer.cpp:252:11:QA_Result QAD_Timer::periphInit()	16	static
QAD_Timer.cpp:293:6:void QAD_Timer::periphDeinit(QAD_Timer::DeinitMode)	16	static
