13:14:27 **** Incremental Build of configuration Debug for project STM32_F103C ****
make -j8 all 
arm-none-eabi-g++ "../Core/main.cpp" -mcpu=cortex-m3 -std=gnu++14 -g3 -DDEBUG -DUSE_HAL_DRIVER -DSTM32F103x6 -c -I../Drivers/STM32F1xx_HAL_Driver/Inc -I../Drivers/STM32F1xx_HAL_Driver/Inc/Legacy -I../Drivers/CMSIS/Device/ST/STM32F1xx/Include -I../Drivers/CMSIS/Include -I../Core -I../QA_Drivers -O0 -ffunction-sections -fdata-sections -fno-exceptions -fno-rtti -fno-use-cxa-atexit -Wall -fstack-usage -MMD -MP -MF"Core/main.d" -MT"Core/main.o" --specs=nano.specs -mfloat-abi=soft -mthumb -o "Core/main.o"
arm-none-eabi-g++ -o "STM32_F103C.elf" @"objects.list"   -mcpu=cortex-m3 -T"C:\Users\binar\Desktop\Quartz Arc\QA Codebase Repos\QA_STM32F103C6_BLUEPILL\QuartzArc_STM32F103C6_BluePill\STM32_F103C\STM32F103C6TX_FLASH.ld" --specs=nosys.specs -Wl,-Map="STM32_F103C.map" -Wl,--gc-sections -static --specs=nano.specs -mfloat-abi=soft -mthumb -Wl,--start-group -lc -lm -lstdc++ -lsupc++ -Wl,--end-group
Finished building target: STM32_F103C.elf
 
arm-none-eabi-size   STM32_F103C.elf 
arm-none-eabi-objdump -h -S  STM32_F103C.elf  > "STM32_F103C.list"
arm-none-eabi-objcopy  -O binary  STM32_F103C.elf  "STM32_F103C.bin"
   text	   data	    bss	    dec	    hex	filename
   5912	    120	   1608	   7640	   1dd8	STM32_F103C.elf
Finished building: default.size.stdout
 
Finished building: STM32_F103C.bin
 
Finished building: STM32_F103C.list
 

13:14:28 Build Finished. 0 errors, 0 warnings. (took 943ms)

